// Jest Snapshot v1, https://goo.gl/fbAQLP

exports[`App Actions login should login should create login action 1`] = `
Object {
  "payload": Object {
    "passphrase": undefined,
  },
  "type": "dicoapp/App/LOGIN",
}
`;

exports[`App Actions logout should logout should create logout action 1`] = `
Object {
  "type": "dicoapp/App/LOGOUT",
}
`;
